Microchip MPLAB XC8 Compiler V2.40

Linker command line:

-W-3 \
  --edf=C:\Program Files\Microchip\xc8\v2.40\pic\dat\20220703182018_en.msgs \
  -cn -h+dist/default/production\TestePZEM004T_PIC.X.production.sym \
  --cmf=dist/default/production\TestePZEM004T_PIC.X.production.cmf -z \
  -Q18F4550 -oC:\Users\loowi\AppData\Local\Temp\xcAs70o.4 \
  --defsym=__MPLAB_BUILD=1 --fixupoverflow=error \
  -Mdist/default/production/TestePZEM004T_PIC.X.production.map \
  --md=C:\Users\loowi\AppData\Local\Temp\xcAs70o.dat -E1 -ver=XC8 Compiler \
  --acfsm=1493 -ACODE=00h-07FFFh -ACONST=00h-07FFFh \
  -ASMALLCONST=0800h-08FFhx120 -AMEDIUMCONST=0800h-07FFFh -ACOMRAM=01h-05Fh \
  -AABS1=00h-07FFh -ABIGRAM=01h-07FFh -ARAM=060h-0FFh,0100h-01FFhx7 \
  -ABANK0=060h-0FFh -ABANK1=0100h-01FFh -ABANK2=0200h-02FFh \
  -ABANK3=0300h-03FFh -ABANK4=0400h-04FFh -ABANK5=0500h-05FFh \
  -ABANK6=0600h-06FFh -ABANK7=0700h-07FFh -ASFR=0F60h-0FFFh \
  -ABIGSFR=0F60h-0FFFh -ACONFIG=0300000h-030000Dh -AIDLOC=0200000h-0200007h \
  -AEEDATA=0F00000h-0F000FFh -peeprom_data=EEDATA \
  -preset_vec=00h,intcode,intcodelo,powerup,init -pramtop=0800h \
  -psmallconst=SMALLCONST -pmediumconst=MEDIUMCONST -pconst=CONST \
  -AFARRAM=00h-00h \
  -prdata=COMRAM,nvrram=COMRAM,nvbit=COMRAM,rbss=COMRAM,rbit=COMRAM \
  -pfarbss=FARRAM,fardata=FARRAM,nvFARRAM=FARRAM \
  -pintsave_regs=BIGRAM,bigbss=BIGRAM,bigdata=BIGRAM -pbss=RAM \
  -pidata=CODE,irdata=CODE,ibigdata=CODE,ifardata=CODE -prparam=COMRAM \
  C:\Users\loowi\AppData\Local\Temp\xcAs70o.o \
  dist/default/production\TestePZEM004T_PIC.X.production.o 

Object code version is 3.11

Machine type is 18F4550



                Name                               Link     Load   Length Selector   Space Scale
C:\Users\loowi\AppData\Local\Temp\xcAs70o.o
                idloc                            200000   200000        8        0       5
                config                           300000   300000        E        0       4
                init                                  0        0        4        0       0
dist/default/production\TestePZEM004T_PIC.X.production.o
                idloc                            200000   200000        8        0       5
                config                           300000   300000        E        0       4
                smallconst                          800      800       58      400       0
                text15                              E8A      E8A       92      42C       0
                text14                             1154     1154       54      42C       0
                text13                             122E     122E       16      42C       0
                text12                             1264     1264        8      42C       0
                text11                             10F6     10F6       5E      42C       0
                text10                              FAC      FAC       74      42C       0
                text9                              1092     1092       64      42C       0
                text8                               CAC      CAC      136      42C       0
                text7                              1020     1020       72      42C       0
                text6                              11E2     11E2       36      42C       0
                text5                               DE2      DE2       A8      42C       0
                text4                              1218     1218       16      42C       0
                text3                              126C     126C        4      42C       0
                text2                              1244     1244       14      42C       0
                text1                               F1C      F1C       90      42C       0
                text0                               858      858      454      42C       0
                cstackCOMRAM                          1        1       45        1       1
                bssBANK0                             60       60       19       60       1
                dataCOMRAM                           46       46        C        1       1
                bssCOMRAM                            52       52        2        1       1
                cinit                              11A8     11A8       3A      42C       0
                idataCOMRAM                        1258     1258        C      42C       0

TOTAL           Name                               Link     Load   Length     Space
        CLASS   CODE           
                init                                  0        0        4         0
                text15                              E8A      E8A       92         0
                text14                             1154     1154       54         0
                text13                             122E     122E       16         0
                text12                             1264     1264        8         0
                text11                             10F6     10F6       5E         0
                text10                              FAC      FAC       74         0
                text9                              1092     1092       64         0
                text8                               CAC      CAC      136         0
                text7                              1020     1020       72         0
                text6                              11E2     11E2       36         0
                text5                               DE2      DE2       A8         0
                text4                              1218     1218       16         0
                text3                              126C     126C        4         0
                text2                              1244     1244       14         0
                text1                               F1C      F1C       90         0
                text0                               858      858      454         0
                cinit                              11A8     11A8       3A         0
                idataCOMRAM                        1258     1258        C         0

        CLASS   CONST          

        CLASS   SMALLCONST     
                smallconst                          800      800       58         0

        CLASS   MEDIUMCONST    

        CLASS   COMRAM         
                cstackCOMRAM                          1        1       45         1
                dataCOMRAM                           46       46        C         1
                bssCOMRAM                            52       52        2         1

        CLASS   ABS1           

        CLASS   BIGRAM         

        CLASS   RAM            

        CLASS   BANK0          
                bssBANK0                             60       60       19         1

        CLASS   BANK1          

        CLASS   BANK2          

        CLASS   BANK3          

        CLASS   BANK4          

        CLASS   BANK5          

        CLASS   BANK6          

        CLASS   BANK7          

        CLASS   SFR            

        CLASS   BIGSFR         

        CLASS   CONFIG         
                config                           300000   300000        E         4

        CLASS   IDLOC          
                idloc                            200000   200000        8         5

        CLASS   EEDATA         

        CLASS   FARRAM         

        CLASS   HEAP           

        CLASS   STACK          



SEGMENTS        Name                           Load    Length   Top    Selector   Space  Class

                reset_vec                      000000  000004  000004         0       0  CODE    
                cstackCOMRAM                   000001  000053  000054         1       1  COMRAM  
                bssBANK0                       000060  000019  000079        60       1  BANK0   
                smallconst                     000800  000058  000858       400       0  SMALLCON
                text0                          000858  000A18  001270       42C       0  CODE    


UNUSED ADDRESS RANGES

        Name                Unused          Largest block    Delta
        BANK0            000079-0000FF               87
        BANK1            000100-0001FF              100
        BANK2            000200-0002FF              100
        BANK3            000300-0003FF              100
        BANK4            000400-0004FF              100
        BANK5            000500-0005FF              100
        BANK6            000600-0006FF              100
        BANK7            000700-0007FF              100
        BIGRAM           000054-00005F                C
                         000079-0007FF              787
        BIGSFR           000F60-000FFF               A0
        CODE             000004-0007FF              7FC
                         001270-007FFF             6D90
        COMRAM           000054-00005F                C
        CONST            000004-0007FF              7FC
                         001270-007FFF             6D90
        EEDATA           F00000-F000FF              100
        MEDIUMCONST      001270-007FFF             6D90
        RAM              000079-0007FF              100
        SFR              000F60-000FFF               A0
        SMALLCONST       001270-007FFF              100

                                  Symbol Table

?___lwdiv                  cstackCOMRAM 000001
?___lwmod                  cstackCOMRAM 000008
CRCcalc@checksum           cstackCOMRAM 000009
CRCcalc@i                  cstackCOMRAM 000007
CRCcalc@j                  cstackCOMRAM 000008
CRCcalc@toCalc             cstackCOMRAM 000001
ComandoLCD@dado            cstackCOMRAM 000003
ComandoLCD@i               cstackCOMRAM 000002
EscreveLCD@dado            cstackCOMRAM 000002
EscreveLCD@i               cstackCOMRAM 000003
Escreve_Serial@Caractere   cstackCOMRAM 000001
IniciaLCD@F3216            dataCOMRAM   00004C
IniciaLCD@i                cstackCOMRAM 00000B
IniciaLCD@inicio           cstackCOMRAM 000005
NumeroLCD@i                cstackCOMRAM 00000F
NumeroLCD@numero           cstackCOMRAM 00000D
PosicionaLCD@coluna        cstackCOMRAM 000004
PosicionaLCD@linha         cstackCOMRAM 000007
PosicionaLCD@posicao       cstackCOMRAM 000008
StringLCD@string           cstackCOMRAM 000004
_BAUDCON                   (abs)        000FB8
_CRCcalc                   text5        000DE2
_ComandoLCD                text15       000E8A
_EscreveLCD                text11       0010F6
_Escreve_Serial            text4        001218
_IniciaLCD                 text14       001154
_Inicializa_Serial         text13       00122E
_Ler_Serial                text3        00126C
_LimpaLCD                  text12       001264
_NumeroLCD                 text8        000CAC
_PIR1bits                  (abs)        000F9E
_PORTB                     (abs)        000F81
_PORTBbits                 (abs)        000F81
_PosicionaLCD              text7        001020
_RCREG                     (abs)        000FAE
_RCSTA                     (abs)        000FAB
_SPBRG                     (abs)        000FAF
_StringLCD                 text6        0011E2
_TRISB                     (abs)        000F93
_TRISBbits                 (abs)        000F93
_TRISCbits                 (abs)        000F94
_TXREG                     (abs)        000FAD
_TXSTA                     (abs)        000FAC
_TXSTAbits                 (abs)        000FAC
_UCFGbits                  (abs)        000F6F
_UCON                      (abs)        000F6D
_Verifica_Serial           text2        001244
__HRAM                     (abs)        000000
__Habs1                    abs1         000000
__Hbank0                   bank0        000000
__Hbank1                   bank1        000000
__Hbank2                   bank2        000000
__Hbank3                   bank3        000000
__Hbank4                   bank4        000000
__Hbank5                   bank5        000000
__Hbank6                   bank6        000000
__Hbank7                   bank7        000000
__Hbigbss                  bigbss       000000
__Hbigdata                 bigdata      000000
__Hbigram                  bigram       000000
__Hbigsfr                  bigsfr       000000
__Hbss                     bss          000000
__HbssBANK0                bssBANK0     000000
__HbssCOMRAM               bssCOMRAM    000000
__Hcinit                   cinit        000000
__Hclrtext                 clrtext      000000
__Hcomram                  comram       000000
__Hconfig                  config       30000E
__Hconst                   const        000000
__HcstackCOMRAM            cstackCOMRAM 000000
__Hdata                    data         000000
__HdataCOMRAM              dataCOMRAM   000000
__Heeprom_data             eeprom_data  000000
__Hfarbss                  farbss       000000
__Hfardata                 fardata      000000
__Hheap                    heap         000000
__Hibigdata                ibigdata     000000
__Hidata                   idata        000000
__HidataCOMRAM             idataCOMRAM  000000
__Hidloc                   idloc        200008
__Hifardata                ifardata     000000
__Hinit                    init         000004
__Hintcode                 intcode      000000
__Hintcode_body            intcode_body 000000
__Hintcodelo               intcodelo    000000
__Hintentry                intentry     000000
__Hintret                  intret       000000
__Hintsave_regs            intsave_regs 000000
__Hirdata                  irdata       000000
__Hmediumconst             mediumconst  000000
__HnvFARRAM                nvFARRAM     000000
__Hnvbit                   nvbit        000000
__Hnvrram                  nvrram       000000
__Hparam                   rparam       000000
__Hpowerup                 powerup      000000
__Hram                     ram          000000
__Hramtop                  ramtop       000800
__Hrbit                    rbit         000000
__Hrbss                    rbss         000000
__Hrdata                   rdata        000000
__Hreset_vec               reset_vec    000000
__Hrparam                  rparam       000000
__Hsfr                     sfr          000000
__Hsmallconst              smallconst   000858
__Hspace_0                 (abs)        001270
__Hspace_1                 (abs)        000079
__Hspace_2                 (abs)        000000
__Hspace_4                 (abs)        60000E
__Hstack                   stack        000000
__Hstruct                  struct       000000
__Htemp                    temp         000000
__Htext                    text         000000
__Htext0                   text0        000000
__Htext1                   text1        000000
__Htext10                  text10       000000
__Htext11                  text11       000000
__Htext12                  text12       000000
__Htext13                  text13       000000
__Htext14                  text14       000000
__Htext15                  text15       000000
__Htext2                   text2        000000
__Htext3                   text3        000000
__Htext4                   text4        000000
__Htext5                   text5        000000
__Htext6                   text6        000000
__Htext7                   text7        000000
__Htext8                   text8        000000
__Htext9                   text9        000000
__LRAM                     (abs)        000001
__Labs1                    abs1         000000
__Lbank0                   bank0        000000
__Lbank1                   bank1        000000
__Lbank2                   bank2        000000
__Lbank3                   bank3        000000
__Lbank4                   bank4        000000
__Lbank5                   bank5        000000
__Lbank6                   bank6        000000
__Lbank7                   bank7        000000
__Lbigbss                  bigbss       000000
__Lbigdata                 bigdata      000000
__Lbigram                  bigram       000000
__Lbigsfr                  bigsfr       000000
__Lbss                     bss          000000
__LbssBANK0                bssBANK0     000000
__LbssCOMRAM               bssCOMRAM    000000
__Lcinit                   cinit        000000
__Lclrtext                 clrtext      000000
__Lcomram                  comram       000000
__Lconfig                  config       000000
__Lconst                   const        000000
__LcstackCOMRAM            cstackCOMRAM 000000
__Ldata                    data         000000
__LdataCOMRAM              dataCOMRAM   000000
__Leeprom_data             eeprom_data  000000
__Lfarbss                  farbss       000000
__Lfardata                 fardata      000000
__Lheap                    heap         000000
__Libigdata                ibigdata     000000
__Lidata                   idata        000000
__LidataCOMRAM             idataCOMRAM  000000
__Lidloc                   idloc        000000
__Lifardata                ifardata     000000
__Linit                    init         000000
__Lintcode                 intcode      000000
__Lintcode_body            intcode_body 000000
__Lintcodelo               intcodelo    000000
__Lintentry                intentry     000000
__Lintret                  intret       000000
__Lintsave_regs            intsave_regs 000000
__Lirdata                  irdata       000000
__Lmediumconst             mediumconst  000000
__LnvFARRAM                nvFARRAM     000000
__Lnvbit                   nvbit        000000
__Lnvrram                  nvrram       000000
__Lparam                   rparam       000000
__Lpowerup                 powerup      000000
__Lram                     ram          000000
__Lramtop                  ramtop       000800
__Lrbit                    rbit         000000
__Lrbss                    rbss         000000
__Lrdata                   rdata        000000
__Lreset_vec               reset_vec    000000
__Lrparam                  rparam       000000
__Lsfr                     sfr          000000
__Lsmallconst              smallconst   000800
__Lspace_0                 (abs)        000000
__Lspace_1                 (abs)        000000
__Lspace_2                 (abs)        000000
__Lspace_4                 (abs)        000000
__Lstack                   stack        000000
__Lstruct                  struct       000000
__Ltemp                    temp         000000
__Ltext                    text         000000
__Ltext0                   text0        000000
__Ltext1                   text1        000000
__Ltext10                  text10       000000
__Ltext11                  text11       000000
__Ltext12                  text12       000000
__Ltext13                  text13       000000
__Ltext14                  text14       000000
__Ltext15                  text15       000000
__Ltext2                   text2        000000
__Ltext3                   text3        000000
__Ltext4                   text4        000000
__Ltext5                   text5        000000
__Ltext6                   text6        000000
__Ltext7                   text7        000000
__Ltext8                   text8        000000
__Ltext9                   text9        000000
__S0                       (abs)        001270
__S1                       (abs)        000079
__S4                       (abs)        000000
__S5                       (abs)        000000
___heap_hi                 (abs)        000000
___heap_lo                 (abs)        000000
___inthi_sp                stack        000000
___intlo_sp                stack        000000
___lwdiv                   text10       000FAC
___lwdiv@counter           cstackCOMRAM 000007
___lwdiv@dividend          cstackCOMRAM 000001
___lwdiv@divisor           cstackCOMRAM 000003
___lwdiv@quotient          cstackCOMRAM 000005
___lwmod                   text9        001092
___lwmod@counter           cstackCOMRAM 00000C
___lwmod@dividend          cstackCOMRAM 000008
___lwmod@divisor           cstackCOMRAM 00000A
___param_bank              (abs)        000000
___rparam_used             (abs)        000001
___sp                      stack        000000
__accesstop                (abs)        000060
__activetblptr             (abs)        000002
__end_of_CRCcalc           text5        000E8A
__end_of_ComandoLCD        text15       000F1C
__end_of_EscreveLCD        text11       001154
__end_of_Escreve_Serial    text4        00122E
__end_of_IniciaLCD         text14       0011A8
__end_of_Inicializa_Serial text13       001244
__end_of_Ler_Serial        text3        001270
__end_of_LimpaLCD          text12       00126C
__end_of_NumeroLCD         text8        000DE2
__end_of_PosicionaLCD      text7        001092
__end_of_StringLCD         text6        001218
__end_of_Verifica_Serial   text2        001258
__end_of___lwdiv           text10       001020
__end_of___lwmod           text9        0010F6
__end_of__initialization   cinit        0011D8
__end_of_leituraPZEM       text1        000FAC
__end_of_main              text0        000CAC
__initialization           cinit        0011A8
__mediumconst              mediumconst  000000
__pbssBANK0                bssBANK0     000060
__pbssCOMRAM               bssCOMRAM    000052
__pcinit                   cinit        0011A8
__pcstackCOMRAM            cstackCOMRAM 000001
__pdataCOMRAM              dataCOMRAM   000046
__pidataCOMRAM             idataCOMRAM  001258
__psmallconst              smallconst   000800
__ptext0                   text0        000858
__ptext1                   text1        000F1C
__ptext10                  text10       000FAC
__ptext11                  text11       0010F6
__ptext12                  text12       001264
__ptext13                  text13       00122E
__ptext14                  text14       001154
__ptext15                  text15       000E8A
__ptext2                   text2        001244
__ptext3                   text3        00126C
__ptext4                   text4        001218
__ptext5                   text5        000DE2
__ptext6                   text6        0011E2
__ptext7                   text7        001020
__ptext8                   text8        000CAC
__ptext9                   text9        001092
__ramtop                   ramtop       000800
__smallconst               smallconst   000800
_finalCRC                  bssCOMRAM    000052
_leituraPZEM               text1        000F1C
_main                      text0        000858
_recebido                  bssBANK0     000060
end_of_initialization      cinit        0011D8
intlevel0                  text         000000
intlevel1                  text         000000
intlevel2                  text         000000
intlevel3                  text         000000
isa$std                    (abs)        000001
isa$xinst                  (abs)        000000
leituraPZEM@F3248          dataCOMRAM   000046
leituraPZEM@i              cstackCOMRAM 000013
leituraPZEM@mensagem       cstackCOMRAM 00000D
main@alarme                cstackCOMRAM 000043
main@corrente              cstackCOMRAM 000031
main@energia               cstackCOMRAM 000039
main@fp                    cstackCOMRAM 000041
main@frequencia            cstackCOMRAM 00003F
main@i                     cstackCOMRAM 000045
main@potencia              cstackCOMRAM 000035
main@recebidoSemCRC        cstackCOMRAM 00001A
main@tensao                cstackCOMRAM 00003D
stackhi                    (abs)        000000
stacklo                    (abs)        000000
start                      init         000000
start_initialization       cinit        0011A8


MODULE INFORMATION

Module		Function		Class		Link	Load	Size
./serial.h
		_Escreve_Serial		CODE           	1218	0000	22
		_Inicializa_Serial		CODE           	122E	0000	22
		_Verifica_Serial		CODE           	1244	0000	20
		_Ler_Serial    		CODE           	126C	0000	4

./serial.h estimated size: 68

C:\Program Files\Microchip\xc8\v2.40\pic\sources\c99\common\lwdiv.c
		___lwdiv       		CODE           	0FAC	0000	116

C:\Program Files\Microchip\xc8\v2.40\pic\sources\c99\common\lwdiv.c estimated size: 116

./lcd_4vias.h
		_StringLCD     		CODE           	11E2	0000	54
		_LimpaLCD      		CODE           	1264	0000	8
		_EscreveLCD    		CODE           	10F6	0000	94
		_PosicionaLCD  		CODE           	1020	0000	114
		_NumeroLCD     		CODE           	0CAC	0000	310
		_ComandoLCD    		CODE           	0E8A	0000	146
		_IniciaLCD     		CODE           	1154	0000	84

./lcd_4vias.h estimated size: 810

shared
		__initialization		CODE           	11A8	0000	48

shared estimated size: 48

C:\Program Files\Microchip\xc8\v2.40\pic\sources\c99\common\lwmod.c
		___lwmod       		CODE           	1092	0000	100

C:\Program Files\Microchip\xc8\v2.40\pic\sources\c99\common\lwmod.c estimated size: 100

main.c
		_main          		CODE           	0858	0000	1108
		_CRCcalc       		CODE           	0DE2	0000	168
		_leituraPZEM   		CODE           	0F1C	0000	144

main.c estimated size: 1420

